// Jest Snapshot v1, https://goo.gl/fbAQLP

exports[`<Alert> Variations renders error alert message correctly 1`] = `
<div>
  <div
    class="chakra-alert css-0"
    role="alert"
  >
    <span
      class="chakra-alert__icon css-0"
    >
      <svg
        data-testid="test-icon"
      />
    </span>
    <div
      class="css-0"
    >
      <div
        class="chakra-alert__desc css-0"
      >
        I am a description
      </div>
    </div>
  </div>
</div>
`;

exports[`<Alert> Variations renders information alert message correctly 1`] = `
<div>
  <div
    class="chakra-alert css-0"
    role="alert"
  >
    <span
      class="chakra-alert__icon css-0"
    >
      <svg
        data-testid="test-icon"
      />
    </span>
    <div
      class="css-0"
    >
      <div
        class="chakra-alert__desc css-0"
      >
        I am a description
      </div>
    </div>
  </div>
</div>
`;

exports[`<Alert> Variations renders success alert message correctly 1`] = `
<div>
  <div
    class="chakra-alert css-0"
    role="alert"
  >
    <span
      class="chakra-alert__icon css-0"
    >
      <svg
        data-testid="test-icon"
      />
    </span>
    <div
      class="css-0"
    >
      <div
        class="chakra-alert__desc css-0"
      >
        I am a description
      </div>
    </div>
  </div>
</div>
`;

exports[`<Alert> Variations renders warning alert message correctly 1`] = `
<div>
  <div
    class="chakra-alert css-0"
    role="alert"
  >
    <span
      class="chakra-alert__icon css-0"
    >
      <svg
        data-testid="test-icon"
      />
    </span>
    <div
      class="css-0"
    >
      <div
        class="chakra-alert__desc css-0"
      >
        I am a description
      </div>
    </div>
  </div>
</div>
`;
